// Jest Snapshot v1, https://goo.gl/fbAQLP

exports[`<Profile /> renders without crashing 1`] = `
<div
  className="box"
>
  <div
    className="level"
  >
    <div
      className="level-left"
    >
      <div
        className="level-item"
      >
        <img
          alt="Rick Sanchez"
          className={undefined}
          src="src"
        />
      </div>
      <div
        className="level-item"
      >
        <div>
          <div
            className="heading is-6"
          >
            Rick Sanchez
          </div>
          <div
            className="title"
          >
            Friday Harbor, WA
          </div>
          <a
            href="http://twitter.com/"
          >
            http://twitter.com/
          </a>
        </div>
      </div>
    </div>
  </div>
  <div
    className="u-mt2"
  >
    <p>
      active
    </p>
  </div>
</div>
`;
