// Jest Snapshot v1, https://goo.gl/fbAQLP

exports[`<EmailContainer /> renders without crashing 1`] = `
<form
  onSubmit={[Function]}
>
  <h3>
    Next enter your email
  </h3>
  <fieldset
    className="form-group"
  >
    <label
      htmlFor="email"
    >
      Email
    </label>
    <div
      className="input-container"
    >
      <div
        className=""
      />
      <div
        className=""
      >
        <input
          aria-describedby="email"
          className="form-control form-control-lg"
          id="email"
          name="email"
          onBlur={[Function]}
          onChange={[Function]}
          onDragStart={[Function]}
          onDrop={[Function]}
          onFocus={[Function]}
          required={true}
          type="email"
          value=""
        />
      </div>
    </div>
  </fieldset>
  <div
    className="modal-cta"
  >
    <div
      className="row col-12 no-gutters p-0"
    >
      <div
        className="col-sm-auto col-12 pl-0 pr-sm-2 pr-0 mb-sm-0 mb-3"
      >
        <button
          className="btn btn-primary btn-lg btn-block"
          disabled={false}
          type="submit"
        >
          Continue
        </button>
      </div>
    </div>
  </div>
</form>
`;
