// Jest Snapshot v1, https://goo.gl/fbAQLP

exports[`<Notification /> renders without crashing 1`] = `
<div
  className="notification error"
>
  Connection error
</div>
`;
