// Jest Snapshot v1, https://goo.gl/fbAQLP

exports[`<List /> renders without crashing 1`] = `
<ul>
  <li>
    <p>
      One
    </p>
  </li>
  <li>
    <p>
      Two
    </p>
  </li>
  <li>
    <p>
      Three
    </p>
  </li>
</ul>
`;
